// Jest Snapshot v1, https://goo.gl/fbAQLP

exports[`it renders and matches with snapshot 1`] = `
<DocumentFragment>
  <div
    class="BookCard"
  >
    <a
      class="Title"
      href="/books/1"
    >
      <img
        alt="Book1"
        class="CardImage"
        src="Cover1"
      />
    </a>
    <div
      class="CardContent"
    >
      <a
        class="Title"
        data-testid="book-title-link"
        href="/books/1"
      >
        <h2
          data-testid="book-title"
        >
          Book1
        </h2>
      </a>
      <h3
        data-testid="book-author"
      >
        by Author1
      </h3>
      <p>
        Description1
      </p>
      <div
        class="CardFooter"
      >
        <div
          style="display: flex; align-items: center;"
        >
          <span
            data-testid="review-count"
          >
            1
          </span>
          <button
            class="MuiButtonBase-root MuiIconButton-root MuiIconButton-sizeMedium css-78trlr-MuiButtonBase-root-MuiIconButton-root"
            data-testid="review-button"
            style="color: yellowgreen;"
            tabindex="0"
            type="button"
          >
            <svg
              aria-hidden="true"
              class="MuiSvgIcon-root MuiSvgIcon-fontSizeMedium css-i4bv87-MuiSvgIcon-root"
              data-testid="CommentIcon"
              focusable="false"
              viewBox="0 0 24 24"
            >
              <path
                d="M21.99 4c0-1.1-.89-2-1.99-2H4c-1.1 0-2 .9-2 2v12c0 1.1.9 2 2 2h14l4 4-.01-18zM18 14H6v-2h12v2zm0-3H6V9h12v2zm0-3H6V6h12v2z"
              />
            </svg>
            <span
              class="MuiTouchRipple-root css-8je8zh-MuiTouchRipple-root"
            />
          </button>
        </div>
        <div
          style="display: flex; align-items: center;"
        >
          <span
            data-testid="book-card-like-count"
          >
            2
          </span>
          <button
            class="MuiButtonBase-root MuiIconButton-root MuiIconButton-sizeMedium css-78trlr-MuiButtonBase-root-MuiIconButton-root"
            data-testid="book-card-like-button"
            tabindex="0"
            type="button"
          >
            <svg
              aria-hidden="true"
              class="MuiSvgIcon-root MuiSvgIcon-fontSizeMedium css-i4bv87-MuiSvgIcon-root"
              data-testid="FavoriteIcon"
              focusable="false"
              viewBox="0 0 24 24"
            >
              <path
                d="m12 21.35-1.45-1.32C5.4 15.36 2 12.28 2 8.5 2 5.42 4.42 3 7.5 3c1.74 0 3.41.81 4.5 2.09C13.09 3.81 14.76 3 16.5 3 19.58 3 22 5.42 22 8.5c0 3.78-3.4 6.86-8.55 11.54L12 21.35z"
              />
            </svg>
            <span
              class="MuiTouchRipple-root css-8je8zh-MuiTouchRipple-root"
            />
          </button>
        </div>
      </div>
    </div>
    <div
      class="PrivateSwipeArea-root css-x15wq9"
      style="width: 20px;"
    />
  </div>
</DocumentFragment>
`;
